// Jest Snapshot v1, https://goo.gl/fbAQLP

exports[`Checkout Component should match snapshot 1`] = `
<section
  className="order"
>
  <div
    className="container"
  >
    <div
      className="fullsection"
    >
      <h3>
        Your Food Selection
      </h3>
      <div
        className="checkout"
      >
        <p>
          <label
            htmlFor="price"
          >
            Sum Total : 
          </label>
          <span
            id="total"
          >
            â‚¦
            0
          </span>
        </p>
        <p>
          <input
            className="button"
            id="checkout"
            name=""
            onClick={[Function]}
            type="button"
            value="Processing"
          />
        </p>
      </div>
      <div
        id="sec"
      >
        <CheckoutCards
          item={
            Object {
              "id": 1,
              "imageUrl": "test-file-stub",
              "price": 500,
              "title": "Boiled Yam",
            }
          }
          onChange={[Function]}
          onClick={[Function]}
        />
        <CheckoutCards
          item={
            Object {
              "id": 2,
              "imageUrl": "test-file-stub",
              "price": 900,
              "title": "Rice",
            }
          }
          onChange={[Function]}
          onClick={[Function]}
        />
        <CheckoutCards
          item={
            Object {
              "id": 3,
              "imageUrl": "test-file-stub",
              "price": 500,
              "title": "Fufu",
            }
          }
          onChange={[Function]}
          onClick={[Function]}
        />
      </div>
    </div>
  </div>
</section>
`;
