// Jest Snapshot v1, https://goo.gl/fbAQLP

exports[`FoodCards Component should match snapshot 1`] = `
<div
  className="order-item"
>
  <img />
  <h5 />
  <p>
    <label
      htmlFor="price"
    >
      Price :
    </label>
    <span>
      â‚¦
    </span>
  </p>
  <button
    className="button"
    name=""
    value="Add"
  >
    Add
  </button>
</div>
`;
