// Jest Snapshot v1, https://goo.gl/fbAQLP

exports[`Footer Component should match snapshot 1`] = `
<footer>
  <p>
    Fast Food Fast Copyright Â© 2018
  </p>
</footer>
`;
