// Jest Snapshot v1, https://goo.gl/fbAQLP

exports[`Login Component should match snapshot 1`] = `ShallowWrapper {}`;
