// Jest Snapshot v1, https://goo.gl/fbAQLP

exports[`NavMenu Component should return guest menu 1`] = `ShallowWrapper {}`;

exports[`NavMenu Component should return guest menu 2`] = `ShallowWrapper {}`;
