// Jest Snapshot v1, https://goo.gl/fbAQLP

exports[`NotFound Component should match snapshot 1`] = `ShallowWrapper {}`;
