// Jest Snapshot v1, https://goo.gl/fbAQLP

exports[`Restaurant Component should match snapshot 1`] = `ShallowWrapper {}`;
